// Jest Snapshot v1, https://goo.gl/fbAQLP

exports[`RatingField renders at all 1`] = `
<div
  className="MuiFormControl-root MuiTextField-root RatingField-field-1"
>
  <label
    className="MuiFormLabel-root MuiInputLabel-root MuiInputLabel-formControl MuiInputLabel-animated MuiInputLabel-shrink MuiFormLabel-filled"
    data-shrink={true}
  >
    asdf
  </label>
  <div
    className="MuiInputBase-root MuiInput-root MuiInput-underline MuiInputBase-formControl MuiInput-formControl"
    onClick={[Function]}
  >
    <input
      aria-invalid={false}
      autoFocus={false}
      className="MuiInputBase-input MuiInput-input"
      disabled={false}
      max={Infinity}
      min={0}
      name="asdf"
      onAnimationStart={[Function]}
      onBlur={[Function]}
      onChange={[Function]}
      onFocus={[Function]}
      required={false}
      type="number"
      value={5}
    />
  </div>
</div>
`;
